============================= test session starts ==============================
platform linux -- Python 3.10.12, pytest-8.4.0, pluggy-1.6.0
rootdir: /home/michal/dev/summarize-yt
plugins: anyio-4.9.0, mock-3.14.1
collected 4 items

tests/test_downloader.py ...                                             [ 75%]
tests/test_integration.py s                                              [100%]

========================= 3 passed, 1 skipped in 0.01s =========================
